// Jest Snapshot v1, https://goo.gl/fbAQLP

exports[`Test Logo component Test render Logo component 1`] = `
<div>
  <span>
    <span>
      Inno
    </span>
    <span>
      Metrics
    </span>
  </span>
</div>
`;
