// Jest Snapshot v1, https://goo.gl/fbAQLP

exports[`Test ProjectPage component Test shallow render ProjectPage component 1`] = `<withRouter(ProjectPage) />`;
