// Jest Snapshot v1, https://goo.gl/fbAQLP

exports[`Test PageTemplate component Test render PageTemplate component 1`] = `
<article>
  <div>
    <h1 />
  </div>
  <div />
</article>
`;
