// Jest Snapshot v1, https://goo.gl/fbAQLP

exports[`Test DashboardPage component Test shallow render DashboardPage component 1`] = `<Connect(_DashboardPage) />`;
