// Jest Snapshot v1, https://goo.gl/fbAQLP

exports[`Test ProjectsListPage component Test render ProjectsListPage component 1`] = `
<article>
  <div>
    <h1>
      Projects
    </h1>
    <button
      disabled={false}
      style={Object {}}
    >
      <i
        className="material-icons"
      >
        add
      </i>
      <span>
        New project
      </span>
    </button>
  </div>
  <div>
    <div>
      <div
        onClick={[Function]}
      >
        <span>
          proj 1
        </span>
      </div>
      <div
        onClick={[Function]}
      >
        <span>
          proj 2
        </span>
      </div>
      <div
        onClick={[Function]}
      >
        <span>
          proj 3
        </span>
      </div>
    </div>
  </div>
</article>
`;
