// Jest Snapshot v1, https://goo.gl/fbAQLP

exports[`Test ActivitiesPage component Test shallow render ActivitiesPage component 1`] = `<Connect(_ActivitiesPage) />`;
